// Jest Snapshot v1, https://goo.gl/fbAQLP

exports[`signatureManifestTest be able to generate a signature manifest file 1`] = `
{
  "entries": {
    "W2NvbnRlbnRfdHlwZXNdLnhtbA==": {
      "digests": {
        "sha256": "9320e1ab24aa3ce67af21fb9c59035a59a860752570ff02407c664a5b675027a",
      },
      "size": 462,
    },
    "ZXh0ZW5zaW9uL291dC9leHRlbnNpb24uanM=": {
      "digests": {
        "sha256": "1af5c4728d2422b0da6e3e79303c1d31bbcf22655233669a37f697ea739cac30",
      },
      "size": 535393,
    },
    "ZXh0ZW5zaW9uL2NoYW5nZWxvZy5tZA==": {
      "digests": {
        "sha256": "353ea85b16931f8fe064f3c89088cf24a0e57ec2db37a93506545d40f8525347",
      },
      "size": 277,
    },
    "ZXh0ZW5zaW9uL2xpY2Vuc2UudHh0": {
      "digests": {
        "sha256": "a5e6ddb3af783a02eacc848cbe309cc0940b4859ac653e9b1a2e21a4fea22552",
      },
      "size": 1056,
    },
    "ZXh0ZW5zaW9uL3BhY2thZ2UuanNvbg==": {
      "digests": {
        "sha256": "8244c0d61d31395969b111043ed842edda56f621a3419d49e3e097dba676428e",
      },
      "size": 10829,
    },
    "ZXh0ZW5zaW9uL3JlYWRtZS5tZA==": {
      "digests": {
        "sha256": "639a6272fcd5d082485afa3608dabc23eab7a0040c764de92c668d7666ca5f20",
      },
      "size": 1014,
    },
    "ZXh0ZW5zaW9uL3Jlc291cmNlcy9pY29uLnBuZw==": {
      "digests": {
        "sha256": "7dda10c951ece86295688e6126904a8f177b0b5068979b02db7ae64f71231305",
      },
      "size": 17422,
    },
    "ZXh0ZW5zaW9uLnZzaXhtYW5pZmVzdA==": {
      "digests": {
        "sha256": "04723002cd34ea52ed00181dec4278a88d9eed2eb219b1735d8be52fffa7b7c5",
      },
      "size": 2681,
    },
  },
  "package": {
    "digests": {
      "sha256": "3e45182da389bf4748decec32587315d89732e7cfa371a4bbff105616afc6e86",
    },
    "size": 173087,
  },
}
`;
